// Jest Snapshot v1, https://goo.gl/fbAQLP

exports[`Autosuggest should render initial layout 1`] = `
Array [
  <input
    className="wrapper_input"
    onChange={[Function]}
    type="text"
  />,
]
`;
